// Jest Snapshot v1, https://goo.gl/fbAQLP

exports[`awsAuthSignature should return a string that represents a signed v4 AWS request 1`] = `"AWS4-HMAC-SHA256 Credential=key/20200308/region/ProductAdvertisingAPI/aws4_request, SignedHeaders=content-encoding;x-amz-date, Signature=63a9da15fd23d41338445717369b139c7a615425cf36836a444ad464697cb7c7"`;
